// Generated by the GAPIC C++ plugin.
// If you make any local changes, they will be lost.
// source: generator/tests/testdata/library.proto
// TODO: add content
